[blockchain.poker/index.html]
[backblue.gif]
[fade.gif]
[index.html]
[blockchain.poker/blockchain_poker.png]
[blockchain.poker/manifest.json]
[blockchain.poker/favicon.ico]
[api.blockchain.poker/socket.io/socket.io.js]
[api.blockchain.poker/socket.io-file-client.js]
[www.moneybutton.com/moneybutton.js]
[www.google-analytics.com/analytics.js]
[blockchain.poker/sw.js]
[blockchain.poker/confetti_main.e175553297ff26034537.css]
[blockchain.poker/vendors_main.2590d129cea4bf0ba31b.css]
[sideshift.ai/static/js/main.js]
[blockchain.poker/main.29adbe229819d62a4a35.css]
[blockchain.poker/confetti_main.a3747c1841c5fed7b396.js]
[blockchain.poker/index.html]
[blockchain.poker/confetti_main.e175553297ff26034537.css]
[blockchain.poker/vendors_main.2590d129cea4bf0ba31b.css]
[blockchain.poker/main.34aee0e2903b88dda630.js]
[blockchain.poker/vendors_main.21a942ed906e25fdc855.js]
[blockchain.poker/assets/images/dark_geometric-c4cc5fa14d7ba88f98649f144e5ce74e.png]
[blockchain.poker/assets/images/gold-414dff5bda9c576be40b51abc1a01a4d.png]
[blockchain.poker/modules/card/images/diamonds-5af603e2686f9842b38595d007275745.png]
[blockchain.poker/modules/card/images/hearts-151d78d65dd9f2beab8cccc107f65d7e.png]
[blockchain.poker/modules/card/images/spades-d9671a63ea4eacc52fcc36b4c9e9f96d.png]
[blockchain.poker/modules/card/images/clubs-95220ffbf932b1d3a3b263b7ce1a8867.png]
[blockchain.poker/modules/card/images/diamonds-4color-17f7ed504a3680813b431940df8e9191.png]
[blockchain.poker/modules/card/images/clubs-4color-e792862581844107d05f41a94596f64d.png]
[blockchain.poker/modules/table/images/dark_leather-dca1d4893c882e41bc1a39f84a8fa466.png]
[blockchain.poker/modules/table/images/pool_table-833a2cad974f07d44e56e553bc6c02b4.png]
[blockchain.poker/modules/table/images/bplogo-2f2c15dcc1602037ecc7100eef687760.png]
[blockchain.poker/main.29adbe229819d62a4a35.css]
